******************************************************************************
                  MSP430 Linker PC v20.2.5                     
******************************************************************************
>> Linked Tue Jun 28 23:51:46 2022

OUTPUT FILE NAME:   <sys_pwr_controller.out>
ENTRY POINT SYMBOL: "_c_int00_noinit_noargs"  address: 000007dc


MEMORY CONFIGURATION

         name            origin    length      used     unused   attr    fill
----------------------  --------  ---------  --------  --------  ----  --------
  SFR                   00000000   00000010  00000000  00000010  RWIX
  PERIPHERALS_8BIT      00000010   000000f0  00000000  000000f0  RWIX
  PERIPHERALS_16BIT     00000100   00000100  00000000  00000100  RWIX
  RAM                   00000200   00000100  000000b5  0000004b  RWIX
  INFOD                 00001000   00000040  00000000  00000040  RWIX
  INFOC                 00001040   00000040  00000000  00000040  RWIX
  INFOB                 00001080   00000040  00000000  00000040  RWIX
  INFOA                 000010c0   00000040  00000000  00000040  RWIX
  FLASH                 0000f800   000007e0  00000000  000007e0  RWIX
  INT00                 0000ffe0   00000002  00000000  00000002  RWIX
  INT01                 0000ffe2   00000002  00000000  00000002  RWIX
  INT02                 0000ffe4   00000002  00000002  00000000  RWIX
  INT03                 0000ffe6   00000002  00000002  00000000  RWIX
  INT04                 0000ffe8   00000002  00000002  00000000  RWIX
  INT05                 0000ffea   00000002  00000000  00000002  RWIX
  INT06                 0000ffec   00000002  00000000  00000002  RWIX
  INT07                 0000ffee   00000002  00000000  00000002  RWIX
  INT08                 0000fff0   00000002  00000002  00000000  RWIX
  INT09                 0000fff2   00000002  00000002  00000000  RWIX
  INT10                 0000fff4   00000002  00000002  00000000  RWIX
  INT11                 0000fff6   00000002  00000002  00000000  RWIX
  INT12                 0000fff8   00000002  00000000  00000002  RWIX
  INT13                 0000fffa   00000002  00000000  00000002  RWIX
  INT14                 0000fffc   00000002  00000002  00000000  RWIX
  RESET                 0000fffe   00000002  00000002  00000000  RWIX


SECTION ALLOCATION MAP

 output                                  attributes/
section   page    origin      length       input sections
--------  ----  ----------  ----------   ----------------
.bss       0    00000200    00000065     UNINITIALIZED
                  00000200    00000040     (.common:storage)
                  00000240    0000000c     RTC_Calendar.obj (.bss)
                  0000024c    0000000a     USI_I2CSlave.obj (.bss)
                  00000256    00000004     (.common:rxbuf)
                  0000025a    00000001     (.common:action)
                  0000025b    00000001     (.common:i2c_addr)
                  0000025c    00000001     (.common:input_event)
                  0000025d    00000001     (.common:pwrstate)
                  0000025e    00000001     (.common:rxctr)
                  0000025f    00000001     (.common:storage_idx)
                  00000260    00000001     (.common:stored_min)
                  00000261    00000001     (.common:stored_sec)
                  00000262    00000001     (.common:txctr)
                  00000263    00000001     (.common:wakeperiodmin)
                  00000264    00000001     (.common:wakeperiodsec)

.text      0    00000000    0000080c     FAILED TO ALLOCATE
.stack     0    000002b0    00000050     UNINITIALIZED
                  000002b0    00000002     rts430_eabi.lib : boot.c.obj (.stack)
                  000002b2    0000004e     --HOLE--

.cinit     0    0000f800    00000000     UNINITIALIZED

.binit     0    0000f800    00000000     

.init_array 
*          0    0000f800    00000000     UNINITIALIZED

PORT1      0    0000ffe4    00000002     
                  0000ffe4    00000002     maincode.obj (.int02)

PORT2      0    0000ffe6    00000002     
                  0000ffe6    00000002     rts430_eabi.lib : int03.asm.obj (.int03)

USI        0    0000ffe8    00000002     
                  0000ffe8    00000002     USI_I2CSlave.obj (.int04)

TIMER0_A1 
*          0    0000fff0    00000002     
                  0000fff0    00000002     rts430_eabi.lib : int08.asm.obj (.int08)

TIMER0_A0 
*          0    0000fff2    00000002     
                  0000fff2    00000002     maincode.obj (.int09)

WDT        0    0000fff4    00000002     
                  0000fff4    00000002     rts430_eabi.lib : int10.asm.obj (.int10)

COMPARATORA 
*          0    0000fff6    00000002     
                  0000fff6    00000002     rts430_eabi.lib : int11.asm.obj (.int11)

NMI        0    0000fffc    00000002     
                  0000fffc    00000002     rts430_eabi.lib : int14.asm.obj (.int14)

.reset     0    0000fffe    00000002     
                  0000fffe    00000002     rts430_eabi.lib : boot.c.obj (.reset)

MODULE SUMMARY

       Module             code   ro data   rw data
       ------             ----   -------   -------
    .\
       maincode.obj       0      4         79     
       RTC_Calendar.obj   0      0         12     
       USI_I2CSlave.obj   0      2         10     
    +--+------------------+------+---------+---------+
       Total:             0      6         101    
                                                  
    C:\ti\ccs1010\ccs\tools\compiler\ti-cgt-msp430_20.2.5.LTS\lib\rts430_eabi.lib
       boot.c.obj         0      2         0      
       int03.asm.obj      0      2         0      
       int08.asm.obj      0      2         0      
       int10.asm.obj      0      2         0      
       int11.asm.obj      0      2         0      
       int14.asm.obj      0      2         0      
    +--+------------------+------+---------+---------+
       Total:             0      12        0      
                                                  
       Stack:             0      0         80     
    +--+------------------+------+---------+---------+
       Grand Total:       0      18        181    


GLOBAL SYMBOLS: SORTED ALPHABETICALLY BY Name 

address   name                  
-------   ----                  
00000057  BCSCTL1               
00000058  BCSCTL2               
00000053  BCSCTL3               
00000802  C$$EXIT               
00000059  CACTL1                
0000005a  CACTL2                
000010fb  CALBC1_12MHZ          
000010f9  CALBC1_16MHZ          
000010ff  CALBC1_1MHZ           
000010fd  CALBC1_8MHZ           
000010fa  CALDCO_12MHZ          
000010f8  CALDCO_16MHZ          
000010fe  CALDCO_1MHZ           
000010fc  CALDCO_8MHZ           
0000005b  CAPD                  
00000056  DCOCTL                
00000128  FCTL1                 
0000012a  FCTL2                 
0000012c  FCTL3                 
00000000  IE1                   
00000002  IFG1                  
00000022  P1DIR                 
00000025  P1IE                  
00000024  P1IES                 
00000023  P1IFG                 
00000020  P1IN                  
00000021  P1OUT                 
00000027  P1REN                 
00000026  P1SEL                 
00000041  P1SEL2                
0000002a  P2DIR                 
0000002d  P2IE                  
0000002c  P2IES                 
0000002b  P2IFG                 
00000028  P2IN                  
00000029  P2OUT                 
0000002f  P2REN                 
0000002e  P2SEL                 
00000042  P2SEL2                
00000172  TA0CCR0               
00000174  TA0CCR1               
00000176  TA0CCR2               
00000162  TA0CCTL0              
00000164  TA0CCTL1              
00000166  TA0CCTL2              
00000160  TA0CTL                
0000012e  TA0IV                 
00000170  TA0R                  
00000248  TI_FebDays            
00000247  TI_PM                 
000002d0  TI_USI_I2C_SlaveInit  
00000245  TI_day                
0000024b  TI_dayLightSavings    
0000024a  TI_dayLightZone       
00000249  TI_dayOfWeek          
00000244  TI_hour               
00000243  TI_minute             
00000246  TI_month              
00000242  TI_second             
00000240  TI_year               
000010db  TLV_ADC10_1_LEN       
000010da  TLV_ADC10_1_TAG       
000010c0  TLV_CHECKSUM          
000010f7  TLV_DCO_30_LEN        
000010f6  TLV_DCO_30_TAG        
000007a6  Timer_A               
0000007a  USICCTL               
0000007a  USICKCTL              
0000007b  USICNT                
00000078  USICTL                
00000078  USICTL0               
00000079  USICTL1               
0000007c  USISR                 
0000007d  USISRH                
0000007c  USISRL                
00000120  WDTCTL                
00000300  __STACK_END           
00000050  __STACK_SIZE          
000007fa  __TI_ISR_TRAP         
0000ffe4  __TI_int02            
0000ffe6  __TI_int03            
0000ffe8  __TI_int04            
0000fff0  __TI_int08            
0000fff2  __TI_int09            
0000fff4  __TI_int10            
0000fff6  __TI_int11            
0000fffc  __TI_int14            
ffffffff  __TI_pprof_out_hndl   
ffffffff  __TI_prof_data_size   
ffffffff  __TI_prof_data_start  
ffffffff  __c_args__            
000007dc  _c_int00_noinit_noargs
0000fffe  _reset_vector         
000002b0  _stack                
00000808  _system_pre_init      
00000802  abort                 
0000025a  action                
0000010c  get24Hour             
0000025b  i2c_addr              
000005f0  i2c_rx_callback       
000007f0  i2c_start_callback    
00000708  i2c_tx_callback       
0000007c  incrementDays         
00000042  incrementHours        
00000030  incrementMinutes      
000000b2  incrementMonths       
0000001e  incrementSeconds      
000000c4  incrementYears        
0000025c  input_event           
00000488  main                  
000007c6  port1_isr             
0000025d  pwrstate              
00000256  rxbuf                 
0000025e  rxctr                 
0000020a  setDate               
00000200  storage               
0000025f  storage_idx           
00000260  stored_min            
00000261  stored_sec            
000000ca  testLeap              
00000262  txctr                 
00000263  wakeperiodmin         
00000264  wakeperiodsec         


GLOBAL SYMBOLS: SORTED BY Symbol Address 

address   name                  
-------   ----                  
00000000  IE1                   
00000002  IFG1                  
0000001e  incrementSeconds      
00000020  P1IN                  
00000021  P1OUT                 
00000022  P1DIR                 
00000023  P1IFG                 
00000024  P1IES                 
00000025  P1IE                  
00000026  P1SEL                 
00000027  P1REN                 
00000028  P2IN                  
00000029  P2OUT                 
0000002a  P2DIR                 
0000002b  P2IFG                 
0000002c  P2IES                 
0000002d  P2IE                  
0000002e  P2SEL                 
0000002f  P2REN                 
00000030  incrementMinutes      
00000041  P1SEL2                
00000042  P2SEL2                
00000042  incrementHours        
00000050  __STACK_SIZE          
00000053  BCSCTL3               
00000056  DCOCTL                
00000057  BCSCTL1               
00000058  BCSCTL2               
00000059  CACTL1                
0000005a  CACTL2                
0000005b  CAPD                  
00000078  USICTL                
00000078  USICTL0               
00000079  USICTL1               
0000007a  USICCTL               
0000007a  USICKCTL              
0000007b  USICNT                
0000007c  USISR                 
0000007c  USISRL                
0000007c  incrementDays         
0000007d  USISRH                
000000b2  incrementMonths       
000000c4  incrementYears        
000000ca  testLeap              
0000010c  get24Hour             
00000120  WDTCTL                
00000128  FCTL1                 
0000012a  FCTL2                 
0000012c  FCTL3                 
0000012e  TA0IV                 
00000160  TA0CTL                
00000162  TA0CCTL0              
00000164  TA0CCTL1              
00000166  TA0CCTL2              
00000170  TA0R                  
00000172  TA0CCR0               
00000174  TA0CCR1               
00000176  TA0CCR2               
00000200  storage               
0000020a  setDate               
00000240  TI_year               
00000242  TI_second             
00000243  TI_minute             
00000244  TI_hour               
00000245  TI_day                
00000246  TI_month              
00000247  TI_PM                 
00000248  TI_FebDays            
00000249  TI_dayOfWeek          
0000024a  TI_dayLightZone       
0000024b  TI_dayLightSavings    
00000256  rxbuf                 
0000025a  action                
0000025b  i2c_addr              
0000025c  input_event           
0000025d  pwrstate              
0000025e  rxctr                 
0000025f  storage_idx           
00000260  stored_min            
00000261  stored_sec            
00000262  txctr                 
00000263  wakeperiodmin         
00000264  wakeperiodsec         
000002b0  _stack                
000002d0  TI_USI_I2C_SlaveInit  
00000300  __STACK_END           
00000488  main                  
000005f0  i2c_rx_callback       
00000708  i2c_tx_callback       
000007a6  Timer_A               
000007c6  port1_isr             
000007dc  _c_int00_noinit_noargs
000007f0  i2c_start_callback    
000007fa  __TI_ISR_TRAP         
00000802  C$$EXIT               
00000802  abort                 
00000808  _system_pre_init      
000010c0  TLV_CHECKSUM          
000010da  TLV_ADC10_1_TAG       
000010db  TLV_ADC10_1_LEN       
000010f6  TLV_DCO_30_TAG        
000010f7  TLV_DCO_30_LEN        
000010f8  CALDCO_16MHZ          
000010f9  CALBC1_16MHZ          
000010fa  CALDCO_12MHZ          
000010fb  CALBC1_12MHZ          
000010fc  CALDCO_8MHZ           
000010fd  CALBC1_8MHZ           
000010fe  CALDCO_1MHZ           
000010ff  CALBC1_1MHZ           
0000ffe4  __TI_int02            
0000ffe6  __TI_int03            
0000ffe8  __TI_int04            
0000fff0  __TI_int08            
0000fff2  __TI_int09            
0000fff4  __TI_int10            
0000fff6  __TI_int11            
0000fffc  __TI_int14            
0000fffe  _reset_vector         
ffffffff  __TI_pprof_out_hndl   
ffffffff  __TI_prof_data_size   
ffffffff  __TI_prof_data_start  
ffffffff  __c_args__            

[123 symbols]
