******************************************************************************
                  MSP430 Linker PC v20.2.5                     
******************************************************************************
>> Linked Sat Jul 23 14:53:34 2022

OUTPUT FILE NAME:   <sys_pwr_controller.out>
ENTRY POINT SYMBOL: "_c_int00_noinit_noargs"  address: 0000ff8c


MEMORY CONFIGURATION

         name            origin    length      used     unused   attr    fill
----------------------  --------  ---------  --------  --------  ----  --------
  SFR                   00000000   00000010  00000000  00000010  RWIX
  PERIPHERALS_8BIT      00000010   000000f0  00000000  000000f0  RWIX
  PERIPHERALS_16BIT     00000100   00000100  00000000  00000100  RWIX
  RAM                   00000200   00000100  000000b3  0000004d  RWIX
  INFOD                 00001000   00000040  00000000  00000040  RWIX
  INFOC                 00001040   00000040  00000000  00000040  RWIX
  INFOB                 00001080   00000040  00000000  00000040  RWIX
  INFOA                 000010c0   00000040  00000000  00000040  RWIX
  FLASH                 0000f800   000007e0  000007c6  0000001a  RWIX
  INT00                 0000ffe0   00000002  00000000  00000002  RWIX
  INT01                 0000ffe2   00000002  00000000  00000002  RWIX
  INT02                 0000ffe4   00000002  00000002  00000000  RWIX
  INT03                 0000ffe6   00000002  00000002  00000000  RWIX
  INT04                 0000ffe8   00000002  00000002  00000000  RWIX
  INT05                 0000ffea   00000002  00000000  00000002  RWIX
  INT06                 0000ffec   00000002  00000000  00000002  RWIX
  INT07                 0000ffee   00000002  00000000  00000002  RWIX
  INT08                 0000fff0   00000002  00000002  00000000  RWIX
  INT09                 0000fff2   00000002  00000002  00000000  RWIX
  INT10                 0000fff4   00000002  00000002  00000000  RWIX
  INT11                 0000fff6   00000002  00000002  00000000  RWIX
  INT12                 0000fff8   00000002  00000000  00000002  RWIX
  INT13                 0000fffa   00000002  00000000  00000002  RWIX
  INT14                 0000fffc   00000002  00000002  00000000  RWIX
  RESET                 0000fffe   00000002  00000002  00000000  RWIX


SECTION ALLOCATION MAP

 output                                  attributes/
section   page    origin      length       input sections
--------  ----  ----------  ----------   ----------------
.bss       0    00000200    00000063     UNINITIALIZED
                  00000200    00000040     (.common:storage)
                  00000240    0000000c     RTC_Calendar.obj (.bss)
                  0000024c    0000000a     USI_I2CSlave.obj (.bss)
                  00000256    00000004     (.common:rxbuf)
                  0000025a    00000001     (.common:action)
                  0000025b    00000001     (.common:input_event)
                  0000025c    00000001     (.common:pwrstate)
                  0000025d    00000001     (.common:storage_idx)
                  0000025e    00000001     (.common:stored_min)
                  0000025f    00000001     (.common:stored_sec)
                  00000260    00000001     (.common:wakeperiodmin)
                  00000261    00000001     (.common:wakeperiodsec)
                  00000262    00000001     (.common:xctr)

.stack     0    000002b0    00000050     UNINITIALIZED
                  000002b0    00000002     rts430_eabi.lib : boot.c.obj (.stack)
                  000002b2    0000004e     --HOLE--

.text      0    0000f800    000007c6     
                  0000f800    000002d0     RTC_Calendar.obj (.text)
                  0000fad0    000001b8     USI_I2CSlave.obj (.text)
                  0000fc88    0000010a     maincode.obj (.text:i2c_rx_callback)
                  0000fd92    0000010a     maincode.obj (.text:main)
                  0000fe9c    00000098     maincode.obj (.text:i2c_tx_callback)
                  0000ff34    00000022     maincode.obj (.text:power_disable_or_keepawake)
                  0000ff56    00000020     maincode.obj (.text:Timer_A)
                  0000ff76    00000016     maincode.obj (.text:port1_isr)
                  0000ff8c    00000014     rts430_eabi.lib : boot.c.obj (.text:_c_int00_noinit_noargs)
                  0000ffa0    0000000e     maincode.obj (.text:power_enable_and_zeroise_sec)
                  0000ffae    00000008     rts430_eabi.lib : isr_trap.asm.obj (.text:_isr:__TI_ISR_TRAP)
                  0000ffb6    00000006                     : exit.c.obj (.text:abort)
                  0000ffbc    00000006     maincode.obj (.text:i2c_start_callback)
                  0000ffc2    00000004     rts430_eabi.lib : pre_init.c.obj (.text:_system_pre_init)

.cinit     0    0000f800    00000000     UNINITIALIZED

.binit     0    0000f800    00000000     

.init_array 
*          0    0000f800    00000000     UNINITIALIZED

PORT1      0    0000ffe4    00000002     
                  0000ffe4    00000002     maincode.obj (.int02)

PORT2      0    0000ffe6    00000002     
                  0000ffe6    00000002     rts430_eabi.lib : int03.asm.obj (.int03)

USI        0    0000ffe8    00000002     
                  0000ffe8    00000002     USI_I2CSlave.obj (.int04)

TIMER0_A1 
*          0    0000fff0    00000002     
                  0000fff0    00000002     rts430_eabi.lib : int08.asm.obj (.int08)

TIMER0_A0 
*          0    0000fff2    00000002     
                  0000fff2    00000002     maincode.obj (.int09)

WDT        0    0000fff4    00000002     
                  0000fff4    00000002     rts430_eabi.lib : int10.asm.obj (.int10)

COMPARATORA 
*          0    0000fff6    00000002     
                  0000fff6    00000002     rts430_eabi.lib : int11.asm.obj (.int11)

NMI        0    0000fffc    00000002     
                  0000fffc    00000002     rts430_eabi.lib : int14.asm.obj (.int14)

.reset     0    0000fffe    00000002     
                  0000fffe    00000002     rts430_eabi.lib : boot.c.obj (.reset)

MODULE SUMMARY

       Module             code   ro data   rw data
       ------             ----   -------   -------
    .\
       maincode.obj       792    4         77     
       RTC_Calendar.obj   720    0         12     
       USI_I2CSlave.obj   440    2         10     
    +--+------------------+------+---------+---------+
       Total:             1952   6         99     
                                                  
    C:\ti\ccs1010\ccs\tools\compiler\ti-cgt-msp430_20.2.5.LTS\lib\rts430_eabi.lib
       boot.c.obj         20     2         0      
       isr_trap.asm.obj   8      0         0      
       exit.c.obj         6      0         0      
       pre_init.c.obj     4      0         0      
       int03.asm.obj      0      2         0      
       int08.asm.obj      0      2         0      
       int10.asm.obj      0      2         0      
       int11.asm.obj      0      2         0      
       int14.asm.obj      0      2         0      
    +--+------------------+------+---------+---------+
       Total:             38     12        0      
                                                  
       Stack:             0      0         80     
    +--+------------------+------+---------+---------+
       Grand Total:       1990   18        179    


GLOBAL SYMBOLS: SORTED ALPHABETICALLY BY Name 

address   name                        
-------   ----                        
00000057  BCSCTL1                     
00000058  BCSCTL2                     
00000053  BCSCTL3                     
0000ffb6  C$$EXIT                     
00000059  CACTL1                      
0000005a  CACTL2                      
000010fb  CALBC1_12MHZ                
000010f9  CALBC1_16MHZ                
000010ff  CALBC1_1MHZ                 
000010fd  CALBC1_8MHZ                 
000010fa  CALDCO_12MHZ                
000010f8  CALDCO_16MHZ                
000010fe  CALDCO_1MHZ                 
000010fc  CALDCO_8MHZ                 
0000005b  CAPD                        
00000056  DCOCTL                      
00000128  FCTL1                       
0000012a  FCTL2                       
0000012c  FCTL3                       
00000000  IE1                         
00000002  IFG1                        
00000022  P1DIR                       
00000025  P1IE                        
00000024  P1IES                       
00000023  P1IFG                       
00000020  P1IN                        
00000021  P1OUT                       
00000027  P1REN                       
00000026  P1SEL                       
00000041  P1SEL2                      
0000002a  P2DIR                       
0000002d  P2IE                        
0000002c  P2IES                       
0000002b  P2IFG                       
00000028  P2IN                        
00000029  P2OUT                       
0000002f  P2REN                       
0000002e  P2SEL                       
00000042  P2SEL2                      
00000172  TA0CCR0                     
00000174  TA0CCR1                     
00000176  TA0CCR2                     
00000162  TA0CCTL0                    
00000164  TA0CCTL1                    
00000166  TA0CCTL2                    
00000160  TA0CTL                      
0000012e  TA0IV                       
00000170  TA0R                        
00000248  TI_FebDays                  
00000247  TI_PM                       
0000fad0  TI_USI_I2C_SlaveInit        
00000245  TI_day                      
0000024b  TI_dayLightSavings          
0000024a  TI_dayLightZone             
00000249  TI_dayOfWeek                
00000244  TI_hour                     
00000243  TI_minute                   
00000246  TI_month                    
00000242  TI_second                   
00000240  TI_year                     
000010db  TLV_ADC10_1_LEN             
000010da  TLV_ADC10_1_TAG             
000010c0  TLV_CHECKSUM                
000010f7  TLV_DCO_30_LEN              
000010f6  TLV_DCO_30_TAG              
0000ff56  Timer_A                     
0000007a  USICCTL                     
0000007a  USICKCTL                    
0000007b  USICNT                      
00000078  USICTL                      
00000078  USICTL0                     
00000079  USICTL1                     
0000007c  USISR                       
0000007d  USISRH                      
0000007c  USISRL                      
00000120  WDTCTL                      
00000300  __STACK_END                 
00000050  __STACK_SIZE                
0000ffae  __TI_ISR_TRAP               
0000ffe4  __TI_int02                  
0000ffe6  __TI_int03                  
0000ffe8  __TI_int04                  
0000fff0  __TI_int08                  
0000fff2  __TI_int09                  
0000fff4  __TI_int10                  
0000fff6  __TI_int11                  
0000fffc  __TI_int14                  
ffffffff  __TI_pprof_out_hndl         
ffffffff  __TI_prof_data_size         
ffffffff  __TI_prof_data_start        
ffffffff  __c_args__                  
0000ff8c  _c_int00_noinit_noargs      
0000fffe  _reset_vector               
000002b0  _stack                      
0000ffc2  _system_pre_init            
0000ffb6  abort                       
0000025a  action                      
0000f90c  get24Hour                   
0000fc88  i2c_rx_callback             
0000ffbc  i2c_start_callback          
0000fe9c  i2c_tx_callback             
0000f87c  incrementDays               
0000f842  incrementHours              
0000f830  incrementMinutes            
0000f8b2  incrementMonths             
0000f81e  incrementSeconds            
0000f8c4  incrementYears              
0000025b  input_event                 
0000fd92  main                        
0000ff76  port1_isr                   
0000ff34  power_disable_or_keepawake  
0000ffa0  power_enable_and_zeroise_sec
0000025c  pwrstate                    
00000256  rxbuf                       
0000fa0a  setDate                     
00000200  storage                     
0000025d  storage_idx                 
0000025e  stored_min                  
0000025f  stored_sec                  
0000f8ca  testLeap                    
00000260  wakeperiodmin               
00000261  wakeperiodsec               
00000262  xctr                        


GLOBAL SYMBOLS: SORTED BY Symbol Address 

address   name                        
-------   ----                        
00000000  IE1                         
00000002  IFG1                        
00000020  P1IN                        
00000021  P1OUT                       
00000022  P1DIR                       
00000023  P1IFG                       
00000024  P1IES                       
00000025  P1IE                        
00000026  P1SEL                       
00000027  P1REN                       
00000028  P2IN                        
00000029  P2OUT                       
0000002a  P2DIR                       
0000002b  P2IFG                       
0000002c  P2IES                       
0000002d  P2IE                        
0000002e  P2SEL                       
0000002f  P2REN                       
00000041  P1SEL2                      
00000042  P2SEL2                      
00000050  __STACK_SIZE                
00000053  BCSCTL3                     
00000056  DCOCTL                      
00000057  BCSCTL1                     
00000058  BCSCTL2                     
00000059  CACTL1                      
0000005a  CACTL2                      
0000005b  CAPD                        
00000078  USICTL                      
00000078  USICTL0                     
00000079  USICTL1                     
0000007a  USICCTL                     
0000007a  USICKCTL                    
0000007b  USICNT                      
0000007c  USISR                       
0000007c  USISRL                      
0000007d  USISRH                      
00000120  WDTCTL                      
00000128  FCTL1                       
0000012a  FCTL2                       
0000012c  FCTL3                       
0000012e  TA0IV                       
00000160  TA0CTL                      
00000162  TA0CCTL0                    
00000164  TA0CCTL1                    
00000166  TA0CCTL2                    
00000170  TA0R                        
00000172  TA0CCR0                     
00000174  TA0CCR1                     
00000176  TA0CCR2                     
00000200  storage                     
00000240  TI_year                     
00000242  TI_second                   
00000243  TI_minute                   
00000244  TI_hour                     
00000245  TI_day                      
00000246  TI_month                    
00000247  TI_PM                       
00000248  TI_FebDays                  
00000249  TI_dayOfWeek                
0000024a  TI_dayLightZone             
0000024b  TI_dayLightSavings          
00000256  rxbuf                       
0000025a  action                      
0000025b  input_event                 
0000025c  pwrstate                    
0000025d  storage_idx                 
0000025e  stored_min                  
0000025f  stored_sec                  
00000260  wakeperiodmin               
00000261  wakeperiodsec               
00000262  xctr                        
000002b0  _stack                      
00000300  __STACK_END                 
000010c0  TLV_CHECKSUM                
000010da  TLV_ADC10_1_TAG             
000010db  TLV_ADC10_1_LEN             
000010f6  TLV_DCO_30_TAG              
000010f7  TLV_DCO_30_LEN              
000010f8  CALDCO_16MHZ                
000010f9  CALBC1_16MHZ                
000010fa  CALDCO_12MHZ                
000010fb  CALBC1_12MHZ                
000010fc  CALDCO_8MHZ                 
000010fd  CALBC1_8MHZ                 
000010fe  CALDCO_1MHZ                 
000010ff  CALBC1_1MHZ                 
0000f81e  incrementSeconds            
0000f830  incrementMinutes            
0000f842  incrementHours              
0000f87c  incrementDays               
0000f8b2  incrementMonths             
0000f8c4  incrementYears              
0000f8ca  testLeap                    
0000f90c  get24Hour                   
0000fa0a  setDate                     
0000fad0  TI_USI_I2C_SlaveInit        
0000fc88  i2c_rx_callback             
0000fd92  main                        
0000fe9c  i2c_tx_callback             
0000ff34  power_disable_or_keepawake  
0000ff56  Timer_A                     
0000ff76  port1_isr                   
0000ff8c  _c_int00_noinit_noargs      
0000ffa0  power_enable_and_zeroise_sec
0000ffae  __TI_ISR_TRAP               
0000ffb6  C$$EXIT                     
0000ffb6  abort                       
0000ffbc  i2c_start_callback          
0000ffc2  _system_pre_init            
0000ffe4  __TI_int02                  
0000ffe6  __TI_int03                  
0000ffe8  __TI_int04                  
0000fff0  __TI_int08                  
0000fff2  __TI_int09                  
0000fff4  __TI_int10                  
0000fff6  __TI_int11                  
0000fffc  __TI_int14                  
0000fffe  _reset_vector               
ffffffff  __TI_pprof_out_hndl         
ffffffff  __TI_prof_data_size         
ffffffff  __TI_prof_data_start        
ffffffff  __c_args__                  

[123 symbols]
